{
    "hadoop.jvm.JvmMetrics.GcCount": 130,
    "hadoop.jvm.JvmMetrics.GcCountConcurrentMarkSweep": 0,
    "hadoop.jvm.JvmMetrics.GcCountParNew": 130,
    "hadoop.jvm.JvmMetrics.GcTimeMillis": 360,
    "hadoop.jvm.JvmMetrics.GcTimeMillisConcurrentMarkSweep": 0,
    "hadoop.jvm.JvmMetrics.GcTimeMillisParNew": 360,
    "hadoop.jvm.JvmMetrics.LogError": 0,
    "hadoop.jvm.JvmMetrics.LogFatal": 0,
    "hadoop.jvm.JvmMetrics.LogInfo": 8,
    "hadoop.jvm.JvmMetrics.LogWarn": 1,
    "hadoop.jvm.JvmMetrics.MemHeapCommittedM": 243.625,
    "hadoop.jvm.JvmMetrics.MemHeapMaxM": 990.75,
    "hadoop.jvm.JvmMetrics.MemHeapUsedM": 28.95964,
    "hadoop.jvm.JvmMetrics.MemMaxM": 990.75,
    "hadoop.jvm.JvmMetrics.MemNonHeapCommittedM": 26.9375,
    "hadoop.jvm.JvmMetrics.MemNonHeapMaxM": -9.536743E-7,
    "hadoop.jvm.JvmMetrics.MemNonHeapUsedM": 25.702103,
    "hadoop.jvm.JvmMetrics.ThreadsBlocked": 0,
    "hadoop.jvm.JvmMetrics.ThreadsNew": 0,
    "hadoop.jvm.JvmMetrics.ThreadsRunnable": 5,
    "hadoop.jvm.JvmMetrics.ThreadsTerminated": 0,
    "hadoop.jvm.JvmMetrics.ThreadsTimedWaiting": 3,
    "hadoop.jvm.JvmMetrics.ThreadsWaiting": 4,
    "hadoop.thrift-one.Thrift.BatchGet_75th_percentile": 0.0,
    "hadoop.thrift-one.Thrift.BatchGet_90th_percentile": 0.0,
    "hadoop.thrift-one.Thrift.BatchGet_95th_percentile": 0.0,
    "hadoop.thrift-one.Thrift.BatchGet_99th_percentile": 0.0,
    "hadoop.thrift-one.Thrift.BatchGet_max": 0,
    "hadoop.thrift-one.Thrift.BatchGet_mean": 0.0,
    "hadoop.thrift-one.Thrift.BatchGet_median": 0.0,
    "hadoop.thrift-one.Thrift.BatchGet_min": 0,
    "hadoop.thrift-one.Thrift.BatchGet_num_ops": 0,
    "hadoop.thrift-one.Thrift.BatchMutate_75th_percentile": 0.0,
    "hadoop.thrift-one.Thrift.BatchMutate_90th_percentile": 0.0,
    "hadoop.thrift-one.Thrift.BatchMutate_95th_percentile": 0.0,
    "hadoop.thrift-one.Thrift.BatchMutate_99th_percentile": 0.0,
    "hadoop.thrift-one.Thrift.BatchMutate_max": 0,
    "hadoop.thrift-one.Thrift.BatchMutate_mean": 0.0,
    "hadoop.thrift-one.Thrift.BatchMutate_median": 0.0,
    "hadoop.thrift-one.Thrift.BatchMutate_min": 0,
    "hadoop.thrift-one.Thrift.BatchMutate_num_ops": 0,
    "hadoop.thrift-one.Thrift.callQueueLen": 0,
    "hadoop.thrift-one.Thrift.SlowThriftCall_75th_percentile": 0.0,
    "hadoop.thrift-one.Thrift.SlowThriftCall_90th_percentile": 0.0,
    "hadoop.thrift-one.Thrift.SlowThriftCall_95th_percentile": 0.0,
    "hadoop.thrift-one.Thrift.SlowThriftCall_99th_percentile": 0.0,
    "hadoop.thrift-one.Thrift.SlowThriftCall_max": 0,
    "hadoop.thrift-one.Thrift.SlowThriftCall_mean": 0.0,
    "hadoop.thrift-one.Thrift.SlowThriftCall_median": 0.0,
    "hadoop.thrift-one.Thrift.SlowThriftCall_min": 0,
    "hadoop.thrift-one.Thrift.SlowThriftCall_num_ops": 0,
    "hadoop.thrift-one.Thrift.ThriftCall_75th_percentile": 0.0,
    "hadoop.thrift-one.Thrift.ThriftCall_90th_percentile": 0.0,
    "hadoop.thrift-one.Thrift.ThriftCall_95th_percentile": 0.0,
    "hadoop.thrift-one.Thrift.ThriftCall_99th_percentile": 0.0,
    "hadoop.thrift-one.Thrift.ThriftCall_max": 0,
    "hadoop.thrift-one.Thrift.ThriftCall_mean": 0.0,
    "hadoop.thrift-one.Thrift.ThriftCall_median": 0.0,
    "hadoop.thrift-one.Thrift.ThriftCall_min": 0,
    "hadoop.thrift-one.Thrift.ThriftCall_num_ops": 0,
    "hadoop.thrift-one.Thrift.TimeInQueue_75th_percentile": 0.0,
    "hadoop.thrift-one.Thrift.TimeInQueue_90th_percentile": 0.0,
    "hadoop.thrift-one.Thrift.TimeInQueue_95th_percentile": 0.0,
    "hadoop.thrift-one.Thrift.TimeInQueue_99th_percentile": 0.0,
    "hadoop.thrift-one.Thrift.TimeInQueue_max": 0,
    "hadoop.thrift-one.Thrift.TimeInQueue_mean": 0.0,
    "hadoop.thrift-one.Thrift.TimeInQueue_median": 0.0,
    "hadoop.thrift-one.Thrift.TimeInQueue_min": 0,
    "hadoop.thrift-one.Thrift.TimeInQueue_num_ops": 0,
    "hadoop.ugi.UgiMetrics.GetGroupsAvgTime": 0.0,
    "hadoop.ugi.UgiMetrics.GetGroupsNumOps": 0,
    "hadoop.ugi.UgiMetrics.LoginFailureAvgTime": 0.0,
    "hadoop.ugi.UgiMetrics.LoginFailureNumOps": 0,
    "hadoop.ugi.UgiMetrics.LoginSuccessAvgTime": 0.0,
    "hadoop.ugi.UgiMetrics.LoginSuccessNumOps": 0
}
